
Allocating common symbols
Common symbol       size              file

user_pool           0x10              build/memory.o
intr_name           0x84              build/interrupt.o
kernel_vaddr        0xc               build/memory.o
idt_table           0x84              build/interrupt.o
kernel_pool         0x10              build/memory.o

Discarded input sections

 .note.GNU-stack
                0x0000000000000000        0x0 build/main.o
 .note.GNU-stack
                0x0000000000000000        0x0 build/init.o
 .note.GNU-stack
                0x0000000000000000        0x0 build/interrupt.o
 .note.GNU-stack
                0x0000000000000000        0x0 build/timer.o
 .note.GNU-stack
                0x0000000000000000        0x0 build/debug.o
 .note.GNU-stack
                0x0000000000000000        0x0 build/memory.o
 .note.GNU-stack
                0x0000000000000000        0x0 build/bitmap.o
 .note.GNU-stack
                0x0000000000000000        0x0 build/string.o
 .note.GNU-stack
                0x0000000000000000        0x0 build/thread.o

Memory Configuration

Name             Origin             Length             Attributes
*default*        0x0000000000000000 0xffffffffffffffff

Linker script and memory map

Address of section .text set to 0xc0001500
LOAD build/main.o
LOAD build/init.o
LOAD build/interrupt.o
LOAD build/timer.o
LOAD build/kernel.o
LOAD build/print.o
LOAD build/debug.o
LOAD build/memory.o
LOAD build/bitmap.o
LOAD build/string.o
LOAD build/thread.o
                [!provide]                        PROVIDE (__executable_start = SEGMENT_START ("text-segment", 0x8048000))
                0x0000000008048094                . = (SEGMENT_START ("text-segment", 0x8048000) + SIZEOF_HEADERS)

.interp
 *(.interp)

.note.gnu.build-id
 *(.note.gnu.build-id)

.hash
 *(.hash)

.gnu.hash
 *(.gnu.hash)

.dynsym
 *(.dynsym)

.dynstr
 *(.dynstr)

.gnu.version
 *(.gnu.version)

.gnu.version_d
 *(.gnu.version_d)

.gnu.version_r
 *(.gnu.version_r)

.rel.dyn        0x0000000008048094        0x0
 *(.rel.init)
 *(.rel.text .rel.text.* .rel.gnu.linkonce.t.*)
 .rel.text      0x0000000008048094        0x0 build/main.o
 *(.rel.fini)
 *(.rel.rodata .rel.rodata.* .rel.gnu.linkonce.r.*)
 *(.rel.data.rel.ro .rel.data.rel.ro.* .rel.gnu.linkonce.d.rel.ro.*)
 *(.rel.data .rel.data.* .rel.gnu.linkonce.d.*)
 *(.rel.tdata .rel.tdata.* .rel.gnu.linkonce.td.*)
 *(.rel.tbss .rel.tbss.* .rel.gnu.linkonce.tb.*)
 *(.rel.ctors)
 *(.rel.dtors)
 *(.rel.got)
 .rel.got       0x0000000008048094        0x0 build/main.o
 *(.rel.bss .rel.bss.* .rel.gnu.linkonce.b.*)
 *(.rel.ifunc)

.rel.plt        0x0000000008048094        0x0
 *(.rel.plt)
                [!provide]                        PROVIDE (__rel_iplt_start = .)
 *(.rel.iplt)
 .rel.iplt      0x0000000008048094        0x0 build/main.o
                [!provide]                        PROVIDE (__rel_iplt_end = .)

.init
 *(SORT_NONE(.init))

.plt            0x0000000008048098        0x0
 *(.plt)
 *(.iplt)
 .iplt          0x0000000008048098        0x0 build/main.o

.plt.got
 *(.plt.got)

.plt.sec
 *(.plt.sec)

.text           0x00000000c0001500     0x17bc
 *(.text.unlikely .text.*_unlikely .text.unlikely.*)
 *(.text.exit .text.exit.*)
 *(.text.startup .text.startup.*)
 *(.text.hot .text.hot.*)
 *(.text .stub .text.* .gnu.linkonce.t.*)
 .text          0x00000000c0001500       0x59 build/main.o
                0x00000000c0001500                main
                0x00000000c0001540                k_thread_a
 .text          0x00000000c0001559       0x23 build/init.o
                0x00000000c0001559                init_all
 .text          0x00000000c000157c      0x38e build/interrupt.o
                0x00000000c0001819                intr_enable
                0x00000000c0001842                intr_disable
                0x00000000c000186b                intr_set_status
                0x00000000c0001889                intr_get_status
                0x00000000c00018ac                idt_init
 .text          0x00000000c000190a      0x102 build/timer.o
                0x00000000c00019c0                timer_init
 *fill*         0x00000000c0001a0c        0x4 
 .text          0x00000000c0001a10      0x396 build/kernel.o
                0x00000000c0001a10                intr_exit
 *fill*         0x00000000c0001da6        0xa 
 .text          0x00000000c0001db0      0x14e build/print.o
                0x00000000c0001db0                put_str
                0x00000000c0001dce                put_char
                0x00000000c0001e9b                put_int
 .text          0x00000000c0001efe       0xa5 build/debug.o
                0x00000000c0001efe                panic_spin
 .text          0x00000000c0001fa3      0x520 build/memory.o
                0x00000000c0002028                pte_ptr
                0x00000000c0002059                pde_ptr
                0x00000000c00021d4                malloc_page
                0x00000000c000229e                get_kernel_pages
                0x00000000c000248e                mem_init
 .text          0x00000000c00024c3      0x25e build/bitmap.o
                0x00000000c00024c3                bitmap_init
                0x00000000c00024ea                bitmap_scan_test
                0x00000000c000251c                bitmap_scan
                0x00000000c000266a                bitmap_set
 .text          0x00000000c0002721      0x454 build/string.o
                0x00000000c0002721                memset
                0x00000000c000277d                memcpy
                0x00000000c00027e5                memcmp
                0x00000000c000287b                strcpy
                0x00000000c00028de                strlen
                0x00000000c0002938                strcmp
                0x00000000c00029bf                strchr
                0x00000000c0002a25                strrchr
                0x00000000c0002a8e                strcat
                0x00000000c0002b08                strchrs
 .text          0x00000000c0002b75      0x147 build/thread.o
                0x00000000c0002b88                thread_create
                0x00000000c0002bfe                init_thread
                0x00000000c0002c64                thread_start
 *(.gnu.warning)

.fini
 *(SORT_NONE(.fini))
                [!provide]                        PROVIDE (__etext = .)
                [!provide]                        PROVIDE (_etext = .)
                [!provide]                        PROVIDE (etext = .)

.rodata         0x00000000c0002cbc      0x52d
 *(.rodata .rodata.* .gnu.linkonce.r.*)
 .rodata        0x00000000c0002cbc       0x1e build/main.o
 .rodata        0x00000000c0002cda        0xa build/init.o
 .rodata        0x00000000c0002ce4      0x255 build/interrupt.o
 .rodata        0x00000000c0002f39       0x23 build/timer.o
 .rodata        0x00000000c0002f5c       0x3f build/debug.o
 *fill*         0x00000000c0002f9b        0x1 
 .rodata        0x00000000c0002f9c      0x12d build/memory.o
 *fill*         0x00000000c00030c9        0x3 
 .rodata        0x00000000c00030cc       0x64 build/bitmap.o
 .rodata        0x00000000c0003130       0xb9 build/string.o

.rodata1
 *(.rodata1)

.eh_frame_hdr
 *(.eh_frame_hdr)
 *(.eh_frame_entry .eh_frame_entry.*)

.eh_frame
 *(.eh_frame)
 *(.eh_frame.*)

.gcc_except_table
 *(.gcc_except_table .gcc_except_table.*)

.gnu_extab
 *(.gnu_extab*)

.exception_ranges
 *(.exception_ranges .exception_ranges*)
                0x00000000c00041e9                . = DATA_SEGMENT_ALIGN (CONSTANT (MAXPAGESIZE), CONSTANT (COMMONPAGESIZE))

.eh_frame
 *(.eh_frame)
 *(.eh_frame.*)

.gnu_extab
 *(.gnu_extab)

.gcc_except_table
 *(.gcc_except_table .gcc_except_table.*)

.exception_ranges
 *(.exception_ranges .exception_ranges*)

.tdata
 *(.tdata .tdata.* .gnu.linkonce.td.*)

.tbss
 *(.tbss .tbss.* .gnu.linkonce.tb.*)
 *(.tcommon)

.preinit_array  0x00000000c00041e9        0x0
                [!provide]                        PROVIDE (__preinit_array_start = .)
 *(.preinit_array)
                [!provide]                        PROVIDE (__preinit_array_end = .)

.init_array     0x00000000c00041e9        0x0
                [!provide]                        PROVIDE (__init_array_start = .)
 *(SORT_BY_INIT_PRIORITY(.init_array.*) SORT_BY_INIT_PRIORITY(.ctors.*))
 *(.init_array EXCLUDE_FILE(*crtend?.o *crtend.o *crtbegin?.o *crtbegin.o) .ctors)
                [!provide]                        PROVIDE (__init_array_end = .)

.fini_array     0x00000000c00041e9        0x0
                [!provide]                        PROVIDE (__fini_array_start = .)
 *(SORT_BY_INIT_PRIORITY(.fini_array.*) SORT_BY_INIT_PRIORITY(.dtors.*))
 *(.fini_array EXCLUDE_FILE(*crtend?.o *crtend.o *crtbegin?.o *crtbegin.o) .dtors)
                [!provide]                        PROVIDE (__fini_array_end = .)

.ctors
 *crtbegin.o(.ctors)
 *crtbegin?.o(.ctors)
 *(EXCLUDE_FILE(*crtend?.o *crtend.o) .ctors)
 *(SORT_BY_NAME(.ctors.*))
 *(.ctors)

.dtors
 *crtbegin.o(.dtors)
 *crtbegin?.o(.dtors)
 *(EXCLUDE_FILE(*crtend?.o *crtend.o) .dtors)
 *(SORT_BY_NAME(.dtors.*))
 *(.dtors)

.jcr
 *(.jcr)

.data.rel.ro
 *(.data.rel.ro.local* .gnu.linkonce.d.rel.ro.local.*)
 *(.data.rel.ro .data.rel.ro.* .gnu.linkonce.d.rel.ro.*)

.dynamic
 *(.dynamic)

.got            0x00000000c00041ec        0x0
 *(.got)
 .got           0x00000000c00041ec        0x0 build/main.o
 *(.igot)
                0x00000000c00041ec                . = DATA_SEGMENT_RELRO_END (., (SIZEOF (.got.plt) >= 0xc)?0xc:0x0)

.got.plt        0x00000000c00041ec        0x0
 *(.got.plt)
 .got.plt       0x00000000c00041ec        0x0 build/main.o
 *(.igot.plt)
 .igot.plt      0x00000000c00041ec        0x0 build/main.o

.data           0x00000000c00041ec       0x8c
 *(.data .data.* .gnu.linkonce.d.*)
 .data          0x00000000c00041ec        0x0 build/main.o
 .data          0x00000000c00041ec        0x0 build/init.o
 .data          0x00000000c00041ec        0x0 build/interrupt.o
 .data          0x00000000c00041ec        0x0 build/timer.o
 .data          0x00000000c00041ec       0x84 build/kernel.o
                0x00000000c00041ec                intr_entry_table
 .data          0x00000000c0004270        0x8 build/print.o
 .data          0x00000000c0004278        0x0 build/debug.o
 .data          0x00000000c0004278        0x0 build/memory.o
 .data          0x00000000c0004278        0x0 build/bitmap.o
 .data          0x00000000c0004278        0x0 build/string.o
 .data          0x00000000c0004278        0x0 build/thread.o

.data1
 *(.data1)
                0x00000000c0004278                _edata = .
                [!provide]                        PROVIDE (edata = .)
                0x00000000c0004278                . = .
                0x00000000c0004278                __bss_start = .

.bss            0x00000000c0004280      0x270
 *(.dynbss)
 *(.bss .bss.* .gnu.linkonce.b.*)
 .bss           0x00000000c0004280        0x0 build/main.o
 .bss           0x00000000c0004280        0x0 build/init.o
 .bss           0x00000000c0004280      0x108 build/interrupt.o
 .bss           0x00000000c0004388        0x0 build/timer.o
 .bss           0x00000000c0004388        0x0 build/debug.o
 .bss           0x00000000c0004388        0x0 build/memory.o
 .bss           0x00000000c0004388        0x0 build/bitmap.o
 .bss           0x00000000c0004388        0x0 build/string.o
 .bss           0x00000000c0004388        0x0 build/thread.o
 *(COMMON)
 *fill*         0x00000000c0004388       0x18 
 COMMON         0x00000000c00043a0      0x124 build/interrupt.o
                0x00000000c00043a0                intr_name
                0x00000000c0004440                idt_table
 COMMON         0x00000000c00044c4       0x2c build/memory.o
                0x00000000c00044c4                user_pool
                0x00000000c00044d4                kernel_vaddr
                0x00000000c00044e0                kernel_pool
                0x00000000c00044f0                . = ALIGN ((. != 0x0)?0x4:0x1)
                0x00000000c00044f0                . = ALIGN (0x4)
                0x00000000c00044f0                . = SEGMENT_START ("ldata-segment", .)
                0x00000000c00044f0                . = ALIGN (0x4)
                0x00000000c00044f0                _end = .
                [!provide]                        PROVIDE (end = .)
                0x00000000c00044f0                . = DATA_SEGMENT_END (.)

.stab
 *(.stab)

.stabstr
 *(.stabstr)

.stab.excl
 *(.stab.excl)

.stab.exclstr
 *(.stab.exclstr)

.stab.index
 *(.stab.index)

.stab.indexstr
 *(.stab.indexstr)

.comment        0x0000000000000000       0x2a
 *(.comment)
 .comment       0x0000000000000000       0x2a build/main.o
                                         0x2b (size before relaxing)
 .comment       0x000000000000002a       0x2b build/init.o
 .comment       0x000000000000002a       0x2b build/interrupt.o
 .comment       0x000000000000002a       0x2b build/timer.o
 .comment       0x000000000000002a       0x2b build/debug.o
 .comment       0x000000000000002a       0x2b build/memory.o
 .comment       0x000000000000002a       0x2b build/bitmap.o
 .comment       0x000000000000002a       0x2b build/string.o
 .comment       0x000000000000002a       0x2b build/thread.o

.debug
 *(.debug)

.line
 *(.line)

.debug_srcinfo
 *(.debug_srcinfo)

.debug_sfnames
 *(.debug_sfnames)

.debug_aranges
 *(.debug_aranges)

.debug_pubnames
 *(.debug_pubnames)

.debug_info
 *(.debug_info .gnu.linkonce.wi.*)

.debug_abbrev
 *(.debug_abbrev)

.debug_line
 *(.debug_line .debug_line.* .debug_line_end)

.debug_frame
 *(.debug_frame)

.debug_str
 *(.debug_str)

.debug_loc
 *(.debug_loc)

.debug_macinfo
 *(.debug_macinfo)

.debug_weaknames
 *(.debug_weaknames)

.debug_funcnames
 *(.debug_funcnames)

.debug_typenames
 *(.debug_typenames)

.debug_varnames
 *(.debug_varnames)

.debug_pubtypes
 *(.debug_pubtypes)

.debug_ranges
 *(.debug_ranges)

.debug_macro
 *(.debug_macro)

.debug_addr
 *(.debug_addr)

.gnu.attributes
 *(.gnu.attributes)

/DISCARD/
 *(.note.GNU-stack)
 *(.gnu_debuglink)
 *(.gnu.lto_*)
OUTPUT(build/kernel.bin elf32-i386)
